// Vitest Snapshot v1, https://vitest.dev/guide/snapshot.html

exports[`createCharacterThoughts > 履歴が3件ある状態でのキャラクターの思考を生成できる 1`] = `
{
  "characterName": "佐藤刑事",
  "memories": [
    {
      "recognizedInfo": "山田探偵が現場周辺の警備体制に不審点を発見した。",
      "tags": [
        "警備体制",
        "内部犯行",
      ],
      "thought": "内部犯行の可能性に繋がる、情報を共有する必要がある。",
    },
    {
      "recognizedInfo": "夜間警備に空白の時間帯があり、不審人物の出入りが目撃された。",
      "tags": [
        "不審人物",
        "夜間警備",
      ],
      "thought": "内部からの情報漏洩の可能性が高い。",
    },
  ],
  "urgency": 1,
}
`;

exports[`createCharacterThoughts > 履歴がない状態でのキャラクターの思考を生成できる 1`] = `
{
  "characterName": "佐藤刑事",
  "memories": [
    {
      "recognizedInfo": "連続強盗事件が発生中で、その捜査を頼まれている。",
      "tags": [
        "連続強盗",
      ],
      "thought": "事件の共通点や手口の分析が重要と考えている。",
    },
    {
      "recognizedInfo": "自分はベテラン刑事であり、冷静で鋭い洞察力を持っている。",
      "tags": [
        "佐藤刑事",
      ],
      "thought": "持ち前の能力を駆使して、事件解決に貢献したい。",
    },
    {
      "recognizedInfo": "犯人の手口からこれは内部犯行の可能性が高い。",
      "tags": [
        "内部犯行",
        "手口",
      ],
      "thought": "この情報は重要だが、発表のタイミングを見計らう必要がある。",
    },
  ],
  "urgency": 2,
}
`;
