// Vitest Snapshot v1, https://vitest.dev/guide/snapshot.html

exports[`createCharacterThoughts > 履歴が3件ある状態でのキャラクターの思考を生成できる 1`] = `
{
  "characterName": "佐藤刑事",
  "memories": [
    {
      "recognizedInfo": "山田探偵が、現場周辺の警備体制に不審な点があると指摘している。",
      "tags": [
        "警備体制",
        "内部犯行",
      ],
      "thought": "それは恐らく内部犯行を示している証拠の一つだ。警備の空白を利用した可能性が高い。",
    },
    {
      "recognizedInfo": "夜間の警備に空白の時間帯が存在し、その時間帯に不審者の出入りが目撃されている。",
      "tags": [
        "不審人物",
        "目撃情報",
      ],
      "thought": "内部の者がその空白を意図的に設けた可能性をさらに疑うべきだ。もっと詳しい情報を集める必要がある。",
    },
  ],
  "urgency": 2,
}
`;

exports[`createCharacterThoughts > 履歴がない状態でのキャラクターの思考を生成できる 1`] = `
{
  "characterName": "佐藤刑事",
  "memories": [
    {
      "recognizedInfo": "最近、街で連続強盗事件が発生し、捜査を依頼された。",
      "tags": [
        "事件",
        "捜査",
      ],
      "thought": "早期解決のために、捜査情報をメンバーと共有して状況を整理したい。",
    },
    {
      "recognizedInfo": "自分は、犯人の手口から内部犯行の可能性が高いと気づいている。",
      "tags": [
        "内部犯行",
        "手口",
      ],
      "thought": "この情報は慎重に扱い、適切なタイミングで共有する必要がある。",
    },
    {
      "recognizedInfo": "山田探偵は新進気鋭の私立探偵で、独自の情報網を持っている。",
      "tags": [
        "山田探偵",
        "情報網",
      ],
      "thought": "彼から入手できる情報があるかもしれないので、彼の話を聞きたい。",
    },
  ],
  "urgency": 1,
}
`;
