// Vitest Snapshot v1, https://vitest.dev/guide/snapshot.html

exports[`executeCharacterRoutine > シード値: test-seed-1 > 10回の会話が繰り返される > complete history 1`] = `
[
  {
    "characterName": "新田たける",
    "speech": "さて、皆さん。密室という状況で犯行がどう行われたのか、お考えを伺いたいですね。特に凶器がどうやって消えたのか、意見を聞かせてください。",
  },
  {
    "characterName": "沢山修二",
    "speech": "うーん、直接的に関わっていないから断定はできないけど…たとえば、窓から何かを使って外へ運んだとか？夜なら目立たないし、可能性としてはあるかも…。",
  },
  {
    "characterName": "山下太郎",
    "speech": "密室の鍵の仕組みを調べたら何かわかるかもしれませんね。窓以外の方法も考慮に入れていきたいです。",
  },
  {
    "characterName": "沢山修二",
    "speech": "確かに、鍵の仕組みは重要ですね。でも、初子が何かを隠していた感じはなかったかな…。他に秘密があったかも。",
  },
  {
    "characterName": "新田たける",
    "speech": "修二さんが言ったように、窓や鍵以外のルートも考えないと。例えば、密室外からの何らかの干渉があったとか…。この可能性、検討すべきだと思いますが、皆さんのご意見は？",
  },
  {
    "characterName": "新田たける",
    "speech": "美智子さん、初子さんとは長年の友人ですよね？何か彼女が気にかけていた事柄とか、知っていますか？密室に繋がる手がかりかもしれません。",
  },
  {
    "characterName": "新田たける",
    "speech": "美智子さんの反応、じっくり見ておきたいね。何か隠し持ってるかもしれないし、そこから新情報が出れば…。",
  },
  {
    "characterName": "新田たける",
    "speech": "さて、密室の中で初子さんが特に落ち着かなかった事はありましたか？状況を掘り下げたいですね。記憶を辿っていただけると助かります。",
  },
]
`;

exports[`executeCharacterRoutine > シード値: test-seed-2 > 10回の会話が繰り返される > complete history 1`] = `
[
  {
    "characterName": "新田たける",
    "speech": "さて、皆さん。密室という状況で犯行がどう行われたのか、お考えを伺いたいですね。特に凶器がどうやって消えたのか、意見を聞かせてください。",
  },
  {
    "characterName": "沢山修二",
    "speech": "うーん、直接的に関わっていないから断定はできないけど…たとえば、窓から何かを使って外へ運んだとか？夜なら目立たないし、可能性としてはあるかも…。",
  },
  {
    "characterName": "沢山修二",
    "speech": "まぁ、私もこれに気づいたのは遅かったのですが…もしかして扉の内側に何か仕掛けがあったのかも？ 実家に鍵の仕掛けに詳しい親戚がいて、昔の話を思い出しました。",
  },
  {
    "characterName": "新田たける",
    "speech": "沢山さんの言う通り、扉の仕掛け説は興味深いですね。誰か他に同じような経験はありますか？特に内部に詳しい方がいれば、知識をお借りしたいです。",
  },
  {
    "characterName": "山下太郎",
    "speech": "あの、まだ浅い経験ですが、雑誌で読んだ密室トリックで、隠し通路を使った例を思い出しました。その線も考えてみてはどうでしょうか？",
  },
  {
    "characterName": "山下太郎",
    "speech": "新田さん、今までの情報を基に、凶器をどこかに隠した可能性についてお考えですか？ドアの秘密仕掛けはどう思います？",
  },
  {
    "characterName": "山下太郎",
    "speech": "ふむ、その可能性も否定できませんね。ただ、隠し通路についてはどう捉えていますか？異物の混入経路になると、事は複雑になりますね。それにしても、新田さんはどんな観点から見ていますか？一緒に考えられると嬉しいです。",
  },
  {
    "characterName": "山下太郎",
    "speech": "いやー、まだ未熟で分からないことが多いんですが、もし隠し通路があるとしたら、手の込んだ計画かもしれないですね。それに、凶器がなくなった理由も、その通路を使えば何とかなったのかなぁと。でも…こんな仮説ばかりで本当にすみません、新田さん。何かアドバイスいただけたら嬉しいです。",
  },
]
`;

exports[`executeCharacterRoutine > シード値: test-seed-3 > 10回の会話が繰り返される > complete history 1`] = `
[
  {
    "characterName": "山下太郎",
    "speech": "皆さん、現場の密室性に注目してみましょう。何か見落としているかもしれません。新田探偵、あなたの洞察を教えていただけませんか？",
  },
  {
    "characterName": "新田たける",
    "speech": "ふむ、確かに密室の謎を解くのが鍵ですね。窓やドア以外の脱出経路、あるいは凶器の使い方に着目する価値があるかもしれません。",
  },
  {
    "characterName": "田中美智子",
    "speech": "密室の状況も気になりますけど、被害者の生活パターンにも注目すべきですね。昨日の彼女の予定をご存知でしたか？",
  },
  {
    "characterName": "山下太郎",
    "speech": "田中さん、沢山さんから聞いた情報と合わせて、初子さんの最後の状況を知りたいです。何か手掛かりになりそうな事はありますか？",
  },
  {
    "characterName": "田中美智子",
    "speech": "初子は昨日、普段通りの時間に帰宅しましたが、家に着く前は少し不安そうでした。詳しくはわかりませんが。",
  },
  {
    "characterName": "沢山修二",
    "speech": "そうでしたか、実は最近初子が何か気にしている様子だったんです。あの、僕もあまり詳しくはないんですが、職場でのことを少し心配していたみたいで…。どうも些細なことで衝突があったとか…。だから普段以上に悩んでいたのかもしれません。ただ、直接的に事件と関係があるとは限らないですが。",
  },
  {
    "characterName": "新田たける",
    "speech": "沢山さん、その職場での悩み、もう少し聞かせてもらえますか？事件の手掛かりになるかもしれませんので。",
  },
  {
    "characterName": "新田たける",
    "speech": "職場で何が起こっていたのか、皆で情報を共有すれば新たな手掛かりが見つかるかもしれませんね。",
  },
]
`;
