// Vitest Snapshot v1, https://vitest.dev/guide/snapshot.html

exports[`executeCharacterRoutine > シード値: test-seed-1 > 5回の会話が繰り返される > complete history 1`] = `
[
  {
    "characterName": "新田たける",
    "speech": "最近、寝床に毛がついて困るんですけど、皆さんはどうですか？掃除って大変ですよね。",
  },
  {
    "characterName": "田中美智子",
    "speech": "確かに、毛がつくのは大変ですね。どんな色の毛ですか？私は白っぽい毛が多くつきます。",
  },
  {
    "characterName": "沢山修二",
    "speech": "白っぽい毛だと掃除もちょっと難しいですよね。皆さんのおうちの毛の色はどうですか？",
  },
  {
    "characterName": "新田たける",
    "speech": "そうですね、私の場合は茶色い毛が多いですね。でも白い毛がいっぱいなのも大変そうです。太郎さんはどうですか？",
  },
  {
    "characterName": "田中美智子",
    "speech": "茶色の毛だと少し掃除も楽かもしれませんね。うちは犬なので、毛が飛び散りますが…太郎さんも似た感じですか？",
  },
]
`;

exports[`executeCharacterRoutine > シード値: test-seed-2 > 5回の会話が繰り返される > complete history 1`] = `
[
  {
    "characterName": "山下太郎",
    "speech": "最近、職場で誰かがお世話になった話はありますか？何か面白いエピソードがあれば教えてほしいです。",
  },
  {
    "characterName": "田中美智子",
    "speech": "職場の近くに公園があるから、昼休みによく動物の散歩を見かけるんだ。でも大きな動物だったら、何を想像する？",
  },
  {
    "characterName": "田中美智子",
    "speech": "たけるさんの話を聞いてると、動物ってどんな動物を想像してる？例えば、飼いやすさで選ぶこともあるよね？",
  },
  {
    "characterName": "沢山修二",
    "speech": "確かに公園で見る動物って興味深いよね。私は昔、犬を散歩に連れて行ったことがあって、すごく懐かしいなぁ。「飼いやすさ」で言えば、どんな動物が人気なんだろうね。",
  },
  {
    "characterName": "田中美智子",
    "speech": "沢山さんの言うとおり、犬って親しみやすいよね。たけるさん、どんな動物を考えた？共通して意外な動物があったら面白いね！",
  },
]
`;
