// Vitest Snapshot v1, https://vitest.dev/guide/snapshot.html

exports[`executeCharacterRoutine > シード値: test-seed-1 > 10回の会話が繰り返される > complete history 1`] = `
[
  {
    "characterMemories": [
      {
        "characterName": "新田たける",
        "memories": [
          {
            "recognizedInfo": "ゲーム「Word Wolf」に参加しており、負ければ大切な人が命を落とす重大な場面にいる。",
            "tags": [
              "Word Wolf",
              "ゲーム",
            ],
            "thought": "絶対に負けたくない。自分が少数派かどうか探りながら、慎重に進めたい。",
          },
          {
            "recognizedInfo": "自分の「単語」は「犬」であることがわかっているが、少数派かどうかは不明。",
            "tags": [
              "犬",
              "少数派",
            ],
            "thought": "他の参加者の意見を聞き、自分が多数派か少数派かを判断しよう。",
          },
          {
            "recognizedInfo": "情報を小出しにする必要があり、相手からの情報収集が重要。",
            "tags": [
              "戦略",
              "情報収集",
            ],
            "thought": "相手に情報を話させ、自分の「単語」に関する情報を少しずつ出し合って探る。",
          },
        ],
        "urgency": 2,
      },
      {
        "characterName": "山下太郎",
        "memories": [
          {
            "recognizedInfo": "自分の単語が「部下」であるが、他の人の単語が何か不明。少数派かどうか判断が難しい。",
            "tags": [
              "単語",
              "警戒",
            ],
            "thought": "自分が少数派かどうか警戒する必要があるので、他のプレイヤーの発言を注意深く聞く。",
          },
          {
            "recognizedInfo": "他のプレイヤーたちは多数派なので、単語が似ているかもしれない。会話から類似点を探すべき。",
            "tags": [
              "注意深く聞く",
              "質問",
            ],
            "thought": "少数派として見られないように、少しずつ質問して情報を集める必要がある。",
          },
          {
            "recognizedInfo": "自分がWord Wolfの場合、この段階で気づくのは重要。勝つために多くの情報を得ることが必要。",
            "tags": [
              "情報収集",
              "勝利条件",
            ],
            "thought": "他のプレイヤーが何を言っているのか、細かいところに注意を払い情報を引き出す。",
          },
        ],
        "urgency": 1,
      },
      {
        "characterName": "沢山修二",
        "memories": [
          {
            "recognizedInfo": "ゲームの仕組みで、私は「犬」という単語が与えられている。",
            "tags": [
              "犬",
              "Word Wolf",
            ],
            "thought": "自分が少数派かどうか確認するために、動物に関連する一般的な話題を提供し、他の参加者の反応を観察したい。",
          },
          {
            "recognizedInfo": "Word Wolfゲームでは、一人だけ与えられた「単語」が異なるため、少数派を探す。",
            "tags": [
              "ゲーム",
              "少数派",
            ],
            "thought": "他のプレイヤーの言動や話題から、自分が少数派かどうかを判断する必要がある。",
          },
        ],
        "urgency": 1,
      },
      {
        "characterName": "田中美智子",
        "memories": [
          {
            "recognizedInfo": "自分の持つ単語は「犬」であり、少数派かも知れない状況。",
            "tags": [
              "犬",
              "Word Wolf",
            ],
            "thought": "自分の単語「犬」が多数派か少数派かを確認するために、他の参加者の反応を探る必要がある。",
          },
          {
            "recognizedInfo": "ゲーム内での発言は控えめにし、情報を集める必要がある。",
            "tags": [
              "戦略",
              "情報収集",
            ],
            "thought": "積極的に発言するのではなく、他者の発言を聞くことで有利な情報を得ることを意識する。",
          },
          {
            "recognizedInfo": "他のプレイヤーはどの単語を持っているかわからない。",
            "tags": [
              "他のプレイヤー",
              "単語",
            ],
            "thought": "自分が少数派かどうかわからないため、直接的な言及を避けつつ関係する話題を出して反応を確認する。",
          },
        ],
        "urgency": 1,
      },
    ],
    "speech": {
      "characterName": "新田たける",
      "speech": "犬って可愛いですよね。毛の種類とかもいろいろあるけど、みんな好きな形とかってありますか？",
    },
  },
  {
    "characterMemories": [
      {
        "characterName": "新田たける",
        "memories": [
          {
            "recognizedInfo": "ゲームで負けると大切な人が命を落とす状況である。",
            "tags": [
              "Word Wolf",
              "命の危機",
            ],
            "thought": "慎重に行動し、負けないようにしたい。命に関わるので適当にはできない。",
          },
          {
            "recognizedInfo": "自分の単語が「犬」であり、自分が少数派か不明。",
            "tags": [
              "犬",
              "少数派",
            ],
            "thought": "他のプレイヤーの反応を見て、少数派かどうか確認していきたい。",
          },
          {
            "recognizedInfo": "自分の発言で犬に関する話題を出し、他プレイヤーの反応を観察中。",
            "tags": [
              "情報収集",
              "発言",
            ],
            "thought": "相手がどういう内容で答えるかで多数派か少数派かを判断できるかも。",
          },
        ],
        "urgency": 1,
      },
      {
        "characterName": "山下太郎",
        "memories": [
          {
            "recognizedInfo": "新田たけるが犬の話題を出し、形について質問してきた。",
            "tags": [
              "新田たける",
              "犬",
            ],
            "thought": "犬や毛の形については無関係だが、意図を探るために話の流れを見守る。質問に対し曖昧に答えたい。",
          },
          {
            "recognizedInfo": "自分の単語が「部下」であるため、関連する話題を待ちつつ、犬に関連する仕事的な形の話題を探す。",
            "tags": [
              "部下",
              "曖昧な発言",
            ],
            "thought": "部下に関連する話を引き出しつつ、犬の話題に無理に合わせる必要があるか注意。",
          },
        ],
        "urgency": 2,
      },
      {
        "characterName": "沢山修二",
        "memories": [
          {
            "recognizedInfo": "新田たけるが『犬って可愛い』と発言。毛の種類についても質問。",
            "tags": [
              "新田たける",
              "犬",
            ],
            "thought": "新田たけるは多数派か少数派か判断するために話題に乗るべきか考える。自分が多数派かを確認するために慎重に対応する必要がある。",
          },
          {
            "recognizedInfo": "自分の単語が『犬』であるが、自分が少数派かどうか分からない。",
            "tags": [
              "犬",
              "単語",
            ],
            "thought": "他の参加者が犬に関連する発言をするか、どういう反応を示すか観察し、少数派特定の手がかりにする。",
          },
        ],
        "urgency": 2,
      },
      {
        "characterName": "田中美智子",
        "memories": [
          {
            "recognizedInfo": "新田たけるが犬に関する話題を出した。犬の毛の種類に言及。",
            "tags": [
              "新田たける",
              "犬",
            ],
            "thought": "自分の単語と一致しているため、新田が多数派の可能性が高い。更に情報を引き出したい。",
          },
          {
            "recognizedInfo": "自分の単語が少数派か確認する必要がある。",
            "tags": [
              "犬",
              "確認",
            ],
            "thought": "反応を促すため、控えめに犬に関連する話題を続けてみよう。",
          },
        ],
        "urgency": 2,
      },
    ],
    "speech": {
      "characterName": "田中美智子",
      "speech": "あ、本当にそうですね！私は長毛の犬が特に好きです。でも種類によっても好きな部分が違うかも。新田さんはどんな形が好きですか？",
    },
  },
  {
    "characterMemories": [
      {
        "characterName": "新田たける",
        "memories": [
          {
            "recognizedInfo": "自分の発言で犬に関する話題を出し、田中美智子の反応を観察中。",
            "tags": [
              "田中美智子",
              "犬",
            ],
            "thought": "田中の反応で多少の安心感を持ったが、完全には不明確。",
          },
          {
            "recognizedInfo": "田中美智子が犬の話題に応じているが、まだ油断は禁物。",
            "tags": [
              "田中美智子",
              "反応",
            ],
            "thought": "彼女が多数派である可能性高いが確定はできない。他の参加者の反応も見たい。",
          },
          {
            "recognizedInfo": "自分の犬好きについて突っ込まれた。",
            "tags": [
              "犬",
              "会話",
            ],
            "thought": "この会話の流れをうまく利用してさらに他のプレイヤーから情報を得よう。",
          },
        ],
        "urgency": 2,
      },
      {
        "characterName": "山下太郎",
        "memories": [
          {
            "recognizedInfo": "新田たけるが犬の形について話し、田中美智子もその話に乗っている。",
            "tags": [
              "犬",
              "形",
            ],
            "thought": "彼らは多数派で犬に関連する単語かもしれない。自分の単語とは関係が薄い。注意深く対応が必要。",
          },
          {
            "recognizedInfo": "田中美智子は長毛の犬が好きと発言。",
            "tags": [
              "犬",
              "長毛",
            ],
            "thought": "部下とは関係ない話だが、少数派を装うため無理に合わせるべきか考えている。",
          },
        ],
        "urgency": 1,
      },
      {
        "characterName": "沢山修二",
        "memories": [
          {
            "recognizedInfo": "新田たけるが犬の毛の種類について言及し、田中美智子も長毛犬が好きだと発言。",
            "tags": [
              "新田たける",
              "田中美智子",
            ],
            "thought": "おそらくこの二人は多数派である可能性が高いと考えている。自分も多数派であるか確認を強めるべき。",
          },
          {
            "recognizedInfo": "田中美智子は犬に関して具体的な発言をしている。",
            "tags": [
              "田中美智子",
              "多数派",
            ],
            "thought": "重点的な具体性があるため、彼女も多数派である可能性が高い。私も積極的に情報を提供するべきかもしれない。",
          },
        ],
        "urgency": 1,
      },
      {
        "characterName": "田中美智子",
        "memories": [
          {
            "recognizedInfo": "新田たけるが犬の毛の種類について言及し、田中がそれに同意した。",
            "tags": [
              "新田たける",
              "犬",
            ],
            "thought": "新田たけるが「犬」に関して他のプレイヤーと一致している多数派の可能性が高い。更に情報を収集したい。",
          },
          {
            "recognizedInfo": "田中は長毛の犬が好きとの発言を行った。新田に質問を投げかけた。",
            "tags": [
              "田中美智子",
              "発言控えめ",
            ],
            "thought": "控えめな発言を続け、他のプレイヤーに関連する情報を引き出すことを試みている。",
          },
        ],
        "urgency": 2,
      },
    ],
    "speech": {
      "characterName": "田中美智子",
      "speech": "そうですよね、犬の毛の違いって結構重要ですよね…あ、山下さんと沢山さんはどう思いますか？",
    },
  },
  {
    "characterMemories": [
      {
        "characterName": "新田たける",
        "memories": [
          {
            "recognizedInfo": "田中美智子が犬の毛の話題に共感してきた。",
            "tags": [
              "田中美智子",
              "共感",
            ],
            "thought": "田中は犬の話題に共感しているので、同じ単語を持つ可能性が高そうだ。",
          },
          {
            "recognizedInfo": "山下太郎と沢山修二の発言がまだ聞けていない。",
            "tags": [
              "山下太郎",
              "沢山修二",
            ],
            "thought": "山下と沢山の反応を聞くことで、自分の状況をさらに理解できるかもしれない。",
          },
          {
            "recognizedInfo": "田中に犬の毛について好きか質問した流れを掴んだ。",
            "tags": [
              "田中美智子",
              "質問",
            ],
            "thought": "田中の反応から彼女は攻撃的な印象はなく、場の雰囲気も良い。",
          },
        ],
        "urgency": 1,
      },
      {
        "characterName": "山下太郎",
        "memories": [
          {
            "recognizedInfo": "他のプレイヤーが犬の話題をしているが、部下に関連する話とは思えない。",
            "tags": [
              "犬",
              "話題の一致",
            ],
            "thought": "自分が少数派かどうか不安になってきた、犬の話題にどう合わせるかを考えている。",
          },
          {
            "recognizedInfo": "新田たけるが犬の毛の形について質問し、田中美智子が長毛の犬が好きと答えた。",
            "tags": [
              "多数派",
              "犬",
            ],
            "thought": "彼らは犬に関する多数派の可能性が高い。自分が少数派の可能性をさらに考える必要がある。",
          },
          {
            "recognizedInfo": "田中美智子が自分と沢山修二に犬の毛についての考えを問うてきた。",
            "tags": [
              "田中美智子",
              "部下",
            ],
            "thought": "自分の単語は部下だが、無理に合わせて答えるか、別の話題を出すか悩んでいる。",
          },
        ],
        "urgency": 1,
      },
      {
        "characterName": "沢山修二",
        "memories": [
          {
            "recognizedInfo": "新田たけるが犬の毛の種類について言及。",
            "tags": [
              "新田たける",
              "犬",
            ],
            "thought": "新田たけるは犬に関連深く感じるため、多数派か判断したい。",
          },
          {
            "recognizedInfo": "田中美智子が長毛犬が好きだと発言。",
            "tags": [
              "田中美智子",
              "毛の種類",
            ],
            "thought": "具体的な意見が出ているため、多数派である可能性を考慮する。",
          },
        ],
        "urgency": 1,
      },
      {
        "characterName": "田中美智子",
        "memories": [
          {
            "recognizedInfo": "自分の持つ単語は「犬」である。新田たけるが犬に関する話題を出している。",
            "tags": [
              "田中美智子",
              "新田たける",
            ],
            "thought": "新田が多数派の可能性が高く、自分に対する情報が必要。更に彼から情報を引き出したい。",
          },
          {
            "recognizedInfo": "新田たけるが犬の毛の種類に言及し、田中がそれに同意した。",
            "tags": [
              "田中美智子",
              "新田たける",
            ],
            "thought": "新田が多数派か確認するため、控えめに意見を述べ、更に情報を引き出すことを試みている。",
          },
          {
            "recognizedInfo": "田中は長毛の犬が好きとの発言を行った。",
            "tags": [
              "田中美智子",
            ],
            "thought": "表面的には関係する話題を続けることで、自分が少数派かどうかを確認する。",
          },
          {
            "recognizedInfo": "新田たけるの話題に対して積極的に質問を投げかけた。",
            "tags": [
              "田中美智子",
              "新田たける",
            ],
            "thought": "他のプレイヤーに関連する情報を引き出す可能性を高めるため、新田に注意を向けている。",
          },
          {
            "recognizedInfo": "自分が少数派か確認する必要がある。",
            "tags": [
              "田中美智子",
            ],
            "thought": "反応を促すため、控えめに犬に関連する話題を続けてみる。",
          },
        ],
        "urgency": 1,
      },
    ],
    "speech": {
      "characterName": "田中美智子",
      "speech": "山下さんと沢山さんは、どんな動物が好きですか？犬以外にも何か興味深いペットがいるか気になります。",
    },
  },
  {
    "characterMemories": [
      {
        "characterName": "新田たける",
        "memories": [
          {
            "recognizedInfo": "田中が犬の毛について共感し、長毛の犬が好きだと話している。",
            "tags": [
              "田中美智子",
              "犬",
            ],
            "thought": "田中が多数派である可能性が高く、単語は犬である可能性が増した。",
          },
          {
            "recognizedInfo": "田中が会話の流れを山下と沢山に振り向けた形で進めている。",
            "tags": [
              "田中美智子",
              "ゲーム",
            ],
            "thought": "田中の行動は自然で、犬に関する単語で結束する意志を示している。山下と沢山の反応が重要。",
          },
          {
            "recognizedInfo": "田中が他の動物にも興味を持っているか質問している。",
            "tags": [
              "田中美智子",
              "動物",
            ],
            "thought": "田中が犬以外の動物について話題を広げることで、対話を探っている可能性。",
          },
        ],
        "urgency": 2,
      },
      {
        "characterName": "山下太郎",
        "memories": [
          {
            "recognizedInfo": "田中美智子が犬以外の好きな動物を山下と沢山に質問。",
            "tags": [
              "田中美智子",
              "動物の話",
            ],
            "thought": "犬以外の話題で少し自分の立場を考えやすくなるかも。慎重な答えが必要。",
          },
          {
            "recognizedInfo": "田中美智子が犬の話題から他の動物の話題に移行しようとしている。",
            "tags": [
              "別の話題",
              "戦略",
            ],
            "thought": "これは犬とは違う話題にシフトするチャンスかもしれない。他の動物関連で話を広げたい。",
          },
        ],
        "urgency": 1,
      },
      {
        "characterName": "沢山修二",
        "memories": [
          {
            "recognizedInfo": "田中美智子が山下太郎と私に好きな動物やペットについて質問。",
            "tags": [
              "田中美智子",
              "動物への興味",
            ],
            "thought": "犬以外のペットにも触れられていて、会話が広がる可能性がある。自分の立場を理解するための機会。",
          },
          {
            "recognizedInfo": "自分は多数派の可能性が高いと思っている。",
            "tags": [
              "多数派",
              "犬",
            ],
            "thought": "他のプレイヤーの意見で自分の単語が『犬』で、多数派であるという自信を深めつつある。より積極的に発言したい。",
          },
        ],
        "urgency": 2,
      },
      {
        "characterName": "田中美智子",
        "memories": [
          {
            "recognizedInfo": "田中美智子の単語は『犬』で、新田たけるが犬の毛の種類について言及。",
            "tags": [
              "田中美智子",
              "新田たける",
            ],
            "thought": "新田の発言は多数派の可能性が高く、彼から情報をさらに引き出したい。",
          },
          {
            "recognizedInfo": "田中美智子は単語『犬』を持ち、控えめな発言を心がけている。",
            "tags": [
              "田中美智子",
              "ゲーム",
            ],
            "thought": "自分が少数派か多数派かを確認するために他者の反応を観察したい。",
          },
          {
            "recognizedInfo": "田中は長毛の犬が好きだと発言。",
            "tags": [
              "田中美智子",
              "犬",
            ],
            "thought": "控えめに犬に関連する話題を続けて情報を引き出すことを試みている。",
          },
          {
            "recognizedInfo": "山下太郎と沢山修二に対して犬以外の好きな動物について質問。",
            "tags": [
              "山下太郎",
              "沢山修二",
            ],
            "thought": "他のプレイヤーの好みを探り、多数派を見極めたい。",
          },
        ],
        "urgency": 1,
      },
    ],
    "speech": {
      "characterName": "沢山修二",
      "speech": "うーん、犬以外だと猫も魅力的だなと感じますね。でも、犬の人懐っこさにはやっぱり惹かれますね。皆さんはどうですか？",
    },
  },
  {
    "characterMemories": [
      {
        "characterName": "新田たける",
        "memories": [
          {
            "recognizedInfo": "田中美智子が会話を山下と沢山に振り、動物全般の話題を展開中。",
            "tags": [
              "田中美智子",
              "会話のコントロール",
            ],
            "thought": "田中は会話を流れるようにコントロールしていて、多数派の可能性が高い。",
          },
          {
            "recognizedInfo": "沢山修二が猫も好きだが犬の魅力を強調。",
            "tags": [
              "沢山修二",
              "犬好き",
            ],
            "thought": "沢山も犬が好きなようで、自分と同じ単語の可能性がある。",
          },
        ],
        "urgency": 2,
      },
      {
        "characterName": "山下太郎",
        "memories": [
          {
            "recognizedInfo": "田中美智子が犬の毛の違いについて触れ、山下と沢山に意見を求めた。",
            "tags": [
              "犬の毛",
              "田中美智子",
            ],
            "thought": "犬の毛に直接関係ない意見を述べて別の話題に移行したいが、このまま話題を広げるのも一案。",
          },
          {
            "recognizedInfo": "田中美智子が犬以外の動物について質問。沢山は猫に興味があると答えた。",
            "tags": [
              "動物",
              "沢山修二",
            ],
            "thought": "他の動物の話題が広がる可能性があるため、部下とは関係ない別の話題で自身の立場を考えやすくなった。",
          },
        ],
        "urgency": 2,
      },
      {
        "characterName": "沢山修二",
        "memories": [
          {
            "recognizedInfo": "新田たけると田中美智子は犬の話題に加わり、長毛犬に言及。",
            "tags": [
              "新田たける",
              "田中美智子",
            ],
            "thought": "新田と田中が犬に具体的な言及をしているため、多数派である可能性が高いと考えられる。",
          },
          {
            "recognizedInfo": "田中美智子が犬以外に興味があるか質問を展開。",
            "tags": [
              "田中美智子",
              "犬以外の動物",
            ],
            "thought": "会話の幅が広がっているため、自分の意見も慎重に開示しつつ、他の参加者の反応を観察したい。",
          },
        ],
        "urgency": 2,
      },
      {
        "characterName": "田中美智子",
        "memories": [
          {
            "recognizedInfo": "山下太郎と沢山修二に対して犬以外の好きな動物について質問。",
            "tags": [
              "山下太郎",
              "沢山修二",
            ],
            "thought": "他のプレイヤーの好みを探り、多数派を見極めたい。",
          },
          {
            "recognizedInfo": "沢山修二が犬の人懐っこさに惹かれると回答。",
            "tags": [
              "沢山修二",
              "犬",
            ],
            "thought": "沢山が多数派である可能性が高いと感じるが、他の動物にも興味を持っている。",
          },
          {
            "recognizedInfo": "新田たけるが犬の毛の種類について言及していた。",
            "tags": [
              "新田たける",
              "犬",
            ],
            "thought": "新田が多数派の可能性を高く感じており、彼からの情報収集を続けたい。",
          },
        ],
        "urgency": 2,
      },
    ],
    "speech": {
      "characterName": "山下太郎",
      "speech": "そうですね、動物だと鳥もいいですよね。なんていうか、忠実な感じが少し部下にも似ている気がします。",
    },
  },
  {
    "characterMemories": [
      {
        "characterName": "新田たける",
        "memories": [
          {
            "recognizedInfo": "山下が鳥を忠実な存在として評価し、部下に似ていると発言。",
            "tags": [
              "山下太郎",
              "鳥",
            ],
            "thought": "山下の発言が犬から逸れているため、少数派の可能性を考えるべきかもしれない。",
          },
          {
            "recognizedInfo": "沢山が猫の魅力に共感しつつも、犬の魅力を強調。",
            "tags": [
              "沢山修二",
              "猫",
            ],
            "thought": "沢山も犬に関する単語を持つ多数派の可能性が高い。",
          },
        ],
        "urgency": 2,
      },
      {
        "characterName": "山下太郎",
        "memories": [
          {
            "recognizedInfo": "美智子が犬以外の好きな動物を質問してきた。",
            "tags": [
              "田中美智子",
              "動物",
            ],
            "thought": "動物に関連した話題に移行するチャンスかも知れない。部下に例えた発言もできる。",
          },
          {
            "recognizedInfo": "沢山は犬が人懐っこくて魅力的だと発言。猫の話題も少し触れた。",
            "tags": [
              "沢山修二",
              "動物",
            ],
            "thought": "まだ少数派か不明だが、動物全般の話題で様子を見る。部下と関連付けて話す。",
          },
          {
            "recognizedInfo": "自分は鳥の忠実さを部下と例えたりして発言。",
            "tags": [
              "自分",
              "部下",
            ],
            "thought": "控えめに部下の話をすることで、自分の単語が少数派でないか探る。",
          },
        ],
        "urgency": 1,
      },
      {
        "characterName": "沢山修二",
        "memories": [
          {
            "recognizedInfo": "田中美智子が犬以外の好きな動物について質問。",
            "tags": [
              "田中美智子",
              "質問",
            ],
            "thought": "自分が多数派だと確信しつつあるので、会話をうまく続ける必要がある。",
          },
          {
            "recognizedInfo": "自分が猫も魅力的だが犬の人懐っこさぬ惹かれると言及。",
            "tags": [
              "犬",
              "猫",
            ],
            "thought": "自分の発言でさらなる情報を引き出したいと考えている。",
          },
          {
            "recognizedInfo": "山下太郎が犬に関連しない動物である鳥について発言。",
            "tags": [
              "山下太郎",
              "鳥",
            ],
            "thought": "山下が少数派である可能性が示唆される。鳥の忠実さに言及したのは違和感。",
          },
        ],
        "urgency": 2,
      },
      {
        "characterName": "田中美智子",
        "memories": [
          {
            "recognizedInfo": "沢山修二が犬の人懐っこさに惹かれると回答。",
            "tags": [
              "沢山修二",
              "犬",
            ],
            "thought": "沢山が多数派である可能性が高いと感じるが、他の動物にも興味を持っている。",
          },
          {
            "recognizedInfo": "山下太郎は動物で鳥が好きと言っている。",
            "tags": [
              "山下太郎",
              "鳥",
            ],
            "thought": "山下はちょっと異なる意見を持っており、多数派ではない可能性を感じる。",
          },
        ],
        "urgency": 1,
      },
    ],
    "speech": {
      "characterName": "新田たける",
      "speech": "山下さんの鳥の話も面白いですね。でも確かに、犬って特に後から甘えてくる感じがいいですよね。田中さん、沢山さんも、犬のどんなところが好きですか？",
    },
  },
  {
    "characterMemories": [
      {
        "characterName": "新田たける",
        "memories": [
          {
            "recognizedInfo": "山下が鳥を引き合いに出し、忠実さを強調した。",
            "tags": [
              "山下太郎",
              "鳥",
            ],
            "thought": "山下が犬ではなく鳥の忠実さを語ったのは少数派の可能性を考える必要がある。",
          },
          {
            "recognizedInfo": "沢山が犬以外に猫も魅力的と発言したが、犬の魅力に戻した。",
            "tags": [
              "沢山修二",
              "犬",
            ],
            "thought": "沢山も自分と同じ単語の可能性が高そうだ。多数派の一員と思われる。",
          },
          {
            "recognizedInfo": "田中が犬の毛について共感し、長毛の犬が好きだと言及。",
            "tags": [
              "田中美智子",
              "犬",
            ],
            "thought": "田中が多数派である可能性が非常に高く、犬について同じ認識を持っているだろう。",
          },
          {
            "recognizedInfo": "自分としては田中や沢山が多数派であるとする仮説が強くなっている。",
            "tags": [
              "山下太郎",
              "仮説",
            ],
            "thought": "この仮説を基に山下が少数派かどうかを見極めるべき。",
          },
        ],
        "urgency": 2,
      },
      {
        "characterName": "山下太郎",
        "memories": [
          {
            "recognizedInfo": "新田たけるが犬の話題に戻し、犬の好きな点を再度質問した。",
            "tags": [
              "新田たける",
              "犬の話題",
            ],
            "thought": "自分の話題変換は成功しなかったかもしれない。少数派の可能性は高い。",
          },
          {
            "recognizedInfo": "自分の発言が鳥の忠実さを部下に例える含みを持たせた。",
            "tags": [
              "鳥",
              "部下",
            ],
            "thought": "少数派らしい発言を避けつつ、控えめに自分の単語を示唆した。反応から様子を伺いたい。",
          },
          {
            "recognizedInfo": "沢山修二は猫も魅力的だが、犬の人懐っこさが好きだと発言。",
            "tags": [
              "沢山修二",
              "犬",
            ],
            "thought": "ほかのプレイヤーも犬に関連した話を続けているため、多数派は犬関連である可能性がある。",
          },
        ],
        "urgency": 1,
      },
      {
        "characterName": "沢山修二",
        "memories": [
          {
            "recognizedInfo": "山下太郎が犬に関連しない動物である鳥について発言。",
            "tags": [
              "山下太郎",
              "鳥",
            ],
            "thought": "山下が少数派の可能性がある。鳥の忠実さに言及するのは不自然に思える。",
          },
          {
            "recognizedInfo": "新田たけるが犬の甘える性格について言及。",
            "tags": [
              "新田たける",
              "犬",
            ],
            "thought": "新田たけるは多数派の可能性が高い。彼の発言は犬の話に調和している。",
          },
          {
            "recognizedInfo": "田中美智子が犬の話題に続くか尋ねられる状況。",
            "tags": [
              "田中美智子",
              "犬",
            ],
            "thought": "田中美智子が犬について詳しく話すと、多数派である可能性が強まる。",
          },
        ],
        "urgency": 2,
      },
      {
        "characterName": "田中美智子",
        "memories": [
          {
            "recognizedInfo": "沢山修二は猫も好きだが犬の人懐っこさが魅力と述べている。",
            "tags": [
              "沢山修二",
              "犬",
            ],
            "thought": "沢山修二が多数派である可能性が高まるが、猫も好きという点が気になる。",
          },
          {
            "recognizedInfo": "山下太郎は犬ではなく鳥が好きだと発言している。",
            "tags": [
              "山下太郎",
              "鳥",
            ],
            "thought": "山下太郎が多数派ではない可能性が高いと考えられる。",
          },
          {
            "recognizedInfo": "新田たけるは犬が甘えてくることが好きだと言っている。",
            "tags": [
              "新田たける",
              "犬",
            ],
            "thought": "新田たけるは多数派の可能性が強いが、相手の意見を尊重する姿勢も見える。",
          },
        ],
        "urgency": 2,
      },
    ],
    "speech": {
      "characterName": "田中美智子",
      "speech": "新田さん、そうですね。やっぱり犬の無邪気なところが好きです。なにか新しい話題ありますか？",
    },
  },
  {
    "characterMemories": [
      {
        "characterName": "新田たける",
        "memories": [
          {
            "recognizedInfo": "山下太郎が鳥を忠実な存在として話題に出した。",
            "tags": [
              "山下太郎",
              "鳥",
            ],
            "thought": "山下太郎は犬の話を避けているようで、少数派の可能性がある。今後も注視が必要。",
          },
          {
            "recognizedInfo": "田中美智子が犬の無邪気さを好むと発言。",
            "tags": [
              "田中美智子",
              "犬",
            ],
            "thought": "田中美智子は犬についての共感を繰り返しており、多数派の可能性が非常に高い。",
          },
          {
            "recognizedInfo": "沢山修二は犬についての話題に積極的に乗ってきた。",
            "tags": [
              "沢山修二",
              "犬",
            ],
            "thought": "沢山修二も犬の話題に乗っており、多数派であると考えられる。",
          },
        ],
        "urgency": 1,
      },
      {
        "characterName": "山下太郎",
        "memories": [
          {
            "recognizedInfo": "新田たけると田中美智子が犬の話を続けている。",
            "tags": [
              "新田たける",
              "田中美智子",
            ],
            "thought": "まだ多数派の話に合わせることに苦労しているが、別の話題に転じることも考えている。",
          },
          {
            "recognizedInfo": "田中美智子が新しい話題を求め始めた。",
            "tags": [
              "田中美智子",
            ],
            "thought": "彼女が新しい話題を求めるなら、それに便乗して自分の立場を明確にする手を打てるかも知れない。",
          },
          {
            "recognizedInfo": "あなたが忠実さで鳥の話をし、その後犬の甘えについて話題が戻った。",
            "tags": [
              "鳥",
              "犬",
            ],
            "thought": "自分の少数派の可能性が高いが、他のプレイヤーの話題を利用して立場を探る。",
          },
        ],
        "urgency": 1,
      },
      {
        "characterName": "沢山修二",
        "memories": [
          {
            "recognizedInfo": "山下太郎が犬に関連しない動物である鳥について発言。",
            "tags": [
              "鳥",
              "山下太郎",
            ],
            "thought": "山下が少数派の可能性があると示唆される。忠実さについての言及が不自然。",
          },
          {
            "recognizedInfo": "新田たけるが犬の甘える性格について言及。",
            "tags": [
              "犬",
              "新田たける",
            ],
            "thought": "新田たけるは多数派の可能性が高いと考えられる。発言が犬に対する調和がある。",
          },
          {
            "recognizedInfo": "田中美智子が犬について無邪気なところを好きだと発言。",
            "tags": [
              "犬",
              "田中美智子",
            ],
            "thought": "田中美智子も多数派の可能性が高まる。具体的な良さを挙げているため。",
          },
        ],
        "urgency": 1,
      },
      {
        "characterName": "田中美智子",
        "memories": [
          {
            "recognizedInfo": "山下太郎が犬ではなく鳥が好きと発言している。",
            "tags": [
              "山下太郎",
              "鳥",
            ],
            "thought": "山下は少数派の可能性があり、さらに観察が必要。",
          },
          {
            "recognizedInfo": "新田たけるは犬が甘えてくることが好きだと言っている。",
            "tags": [
              "新田たける",
              "犬",
            ],
            "thought": "新田は多数派の一人である可能性が高い。彼と話すことで安全を確認できそう。",
          },
          {
            "recognizedInfo": "新田たけるが犬の毛の種類に言及した。",
            "tags": [
              "新田たける",
              "犬",
            ],
            "thought": "彼から多数派の一致を測るための有効な情報を得られるかもしれない。",
          },
        ],
        "urgency": 1,
      },
    ],
    "speech": {
      "characterName": "田中美智子",
      "speech": "新田さん、犬が甘えてくる瞬間って本当に可愛いですよね。沢山さん、どう思います？他の動物で似た感じの子っているでしょうか？",
    },
  },
  {
    "characterMemories": [
      {
        "characterName": "新田たける",
        "memories": [
          {
            "recognizedInfo": "田中美智子が犬の無邪気さを話題にした。彼女は犬の特徴を自然に話す様子。",
            "tags": [
              "田中美智子",
              "犬",
            ],
            "thought": "田中美智子は多数派の可能性が高い。彼女の意見を重視しつつ次のステップを考えよう。",
          },
          {
            "recognizedInfo": "田中が他の動物について質問を投げかけた。",
            "tags": [
              "田中美智子",
              "質問",
            ],
            "thought": "自分の単語に自信を持ちつつ、全員の意見を聞いて判断を深めよう。",
          },
        ],
        "urgency": 1,
      },
      {
        "characterName": "山下太郎",
        "memories": [
          {
            "recognizedInfo": "新田たけるが犬の話題を続けている。",
            "tags": [
              "新田たける",
              "犬",
            ],
            "thought": "新田さんは犬関連が多数派の可能性を高めている。自分の単語と距離を感じる。",
          },
          {
            "recognizedInfo": "田中美智子が犬の無邪気さを評価して新しい話題を求めている。",
            "tags": [
              "田中美智子",
              "犬",
            ],
            "thought": "田中さんも犬に関連している風だが、別話題を示唆していることが興味深い。",
          },
          {
            "recognizedInfo": "田中美智子が犬が甘えたときのかわいさを話し、他の動物についても触れた。",
            "tags": [
              "田中美智子",
              "犬",
            ],
            "thought": "犬を多数派に示唆しつつ、他の動物話題で様子を見ている可能性。",
          },
        ],
        "urgency": 1,
      },
      {
        "characterName": "沢山修二",
        "memories": [
          {
            "recognizedInfo": "新田たけるが犬の特に甘えてくる性格を評価。鳥の話題にも触れる。",
            "tags": [
              "新田たける",
              "犬",
            ],
            "thought": "新田たけるは犬について話しつつ、山下の鳥の話題を和らげている様子。多数派らしい。",
          },
          {
            "recognizedInfo": "田中美智子が犬の無邪気さについて具体的に言及。",
            "tags": [
              "田中美智子",
              "犬",
            ],
            "thought": "田中美智子も多数派の可能性がますます高まる。発言が具体的且つ調和的。",
          },
          {
            "recognizedInfo": "田中美智子が他の動物で類似性を質問。犬の可愛らしさに関連づけて。",
            "tags": [
              "田中美智子",
              "犬",
              "会話展開",
            ],
            "thought": "犬を中心に会話が展開している。私もまたその話題に乗るべき。",
          },
        ],
        "urgency": 2,
      },
      {
        "characterName": "田中美智子",
        "memories": [
          {
            "recognizedInfo": "自分の持つ単語は「犬」であり、少数派かも知れない状況。",
            "tags": [
              "単語",
              "犬",
            ],
            "thought": "自分の単語「犬」が多数派か少数派かを確認するため、他の参加者の反応を探る。",
          },
          {
            "recognizedInfo": "新田たけるが犬に関する話題を出した。犬の毛の種類に言及。",
            "tags": [
              "新田たける",
              "犬",
            ],
            "thought": "彼が多数派の可能性が高いと考え、さらに情報を引き出す必要がある。",
          },
          {
            "recognizedInfo": "山下太郎が犬ではなく鳥が好きだと発言している。",
            "tags": [
              "山下太郎",
              "鳥",
            ],
            "thought": "山下太郎が多数派ではない可能性がある。注意して観察する必要がある。",
          },
          {
            "recognizedInfo": "沢山修二が犬の人懐っこさに惹かれると回答。",
            "tags": [
              "沢山修二",
              "犬",
            ],
            "thought": "沢山修二が多数派である可能性を考慮し、情報を集める。",
          },
          {
            "recognizedInfo": "新田たけるが犬の甘えてくることが好きだと言っている。",
            "tags": [
              "新田たける",
              "犬",
            ],
            "thought": "新田は多数派の可能性が高いが、さらに相手の発言を聞き出したい。",
          },
        ],
        "urgency": 1,
      },
    ],
    "speech": {
      "characterName": "沢山修二",
      "speech": "そうですね、犬は本当に甘えん坊ですよね。特に帰ってきたときの尻尾の振り方が最高です。他の動物だと、猫もなかなか甘えてきますけど、やはり犬の方が積極的かもしれませんね。山下さんはそのあたりどうですか？",
    },
  },
]
`;

exports[`executeCharacterRoutine > シード値: test-seed-1 > 10回の会話が繰り返される > speeches 1`] = `
[
  {
    "characterName": "新田たける",
    "speech": "犬って可愛いですよね。毛の種類とかもいろいろあるけど、みんな好きな形とかってありますか？",
  },
  {
    "characterName": "田中美智子",
    "speech": "あ、本当にそうですね！私は長毛の犬が特に好きです。でも種類によっても好きな部分が違うかも。新田さんはどんな形が好きですか？",
  },
  {
    "characterName": "田中美智子",
    "speech": "そうですよね、犬の毛の違いって結構重要ですよね…あ、山下さんと沢山さんはどう思いますか？",
  },
  {
    "characterName": "田中美智子",
    "speech": "山下さんと沢山さんは、どんな動物が好きですか？犬以外にも何か興味深いペットがいるか気になります。",
  },
  {
    "characterName": "沢山修二",
    "speech": "うーん、犬以外だと猫も魅力的だなと感じますね。でも、犬の人懐っこさにはやっぱり惹かれますね。皆さんはどうですか？",
  },
  {
    "characterName": "山下太郎",
    "speech": "そうですね、動物だと鳥もいいですよね。なんていうか、忠実な感じが少し部下にも似ている気がします。",
  },
  {
    "characterName": "新田たける",
    "speech": "山下さんの鳥の話も面白いですね。でも確かに、犬って特に後から甘えてくる感じがいいですよね。田中さん、沢山さんも、犬のどんなところが好きですか？",
  },
  {
    "characterName": "田中美智子",
    "speech": "新田さん、そうですね。やっぱり犬の無邪気なところが好きです。なにか新しい話題ありますか？",
  },
  {
    "characterName": "田中美智子",
    "speech": "新田さん、犬が甘えてくる瞬間って本当に可愛いですよね。沢山さん、どう思います？他の動物で似た感じの子っているでしょうか？",
  },
  {
    "characterName": "沢山修二",
    "speech": "そうですね、犬は本当に甘えん坊ですよね。特に帰ってきたときの尻尾の振り方が最高です。他の動物だと、猫もなかなか甘えてきますけど、やはり犬の方が積極的かもしれませんね。山下さんはそのあたりどうですか？",
  },
]
`;

exports[`executeCharacterRoutine > シード値: test-seed-2 > 10回の会話が繰り返される > complete history 1`] = `
[
  {
    "characterMemories": [
      {
        "characterName": "新田たける",
        "memories": [
          {
            "recognizedInfo": "ゲーム「Word Wolf」に参加しており、負ければ大切な人が命を落とす重大な場面にいる。",
            "tags": [
              "Word Wolf",
              "ゲーム",
            ],
            "thought": "絶対に負けたくない。自分が少数派かどうか探りながら、慎重に進めたい。",
          },
          {
            "recognizedInfo": "自分の「単語」は「犬」であることがわかっているが、少数派かどうかは不明。",
            "tags": [
              "犬",
              "少数派",
            ],
            "thought": "他の参加者の意見を聞き、自分が多数派か少数派かを判断しよう。",
          },
          {
            "recognizedInfo": "情報を小出しにする必要があり、相手からの情報収集が重要。",
            "tags": [
              "戦略",
              "情報収集",
            ],
            "thought": "相手に情報を話させ、自分の「単語」に関する情報を少しずつ出し合って探る。",
          },
        ],
        "urgency": 2,
      },
      {
        "characterName": "山下太郎",
        "memories": [
          {
            "recognizedInfo": "自分の単語が「部下」であるが、他の人の単語が何か不明。少数派かどうか判断が難しい。",
            "tags": [
              "単語",
              "警戒",
            ],
            "thought": "自分が少数派かどうか警戒する必要があるので、他のプレイヤーの発言を注意深く聞く。",
          },
          {
            "recognizedInfo": "他のプレイヤーたちは多数派なので、単語が似ているかもしれない。会話から類似点を探すべき。",
            "tags": [
              "注意深く聞く",
              "質問",
            ],
            "thought": "少数派として見られないように、少しずつ質問して情報を集める必要がある。",
          },
          {
            "recognizedInfo": "自分がWord Wolfの場合、この段階で気づくのは重要。勝つために多くの情報を得ることが必要。",
            "tags": [
              "情報収集",
              "勝利条件",
            ],
            "thought": "他のプレイヤーが何を言っているのか、細かいところに注意を払い情報を引き出す。",
          },
        ],
        "urgency": 1,
      },
      {
        "characterName": "沢山修二",
        "memories": [
          {
            "recognizedInfo": "ゲームの仕組みで、私は「犬」という単語が与えられている。",
            "tags": [
              "犬",
              "Word Wolf",
            ],
            "thought": "自分が少数派かどうか確認するために、動物に関連する一般的な話題を提供し、他の参加者の反応を観察したい。",
          },
          {
            "recognizedInfo": "Word Wolfゲームでは、一人だけ与えられた「単語」が異なるため、少数派を探す。",
            "tags": [
              "ゲーム",
              "少数派",
            ],
            "thought": "他のプレイヤーの言動や話題から、自分が少数派かどうかを判断する必要がある。",
          },
        ],
        "urgency": 1,
      },
      {
        "characterName": "田中美智子",
        "memories": [
          {
            "recognizedInfo": "自分の持つ単語は「犬」であり、少数派かも知れない状況。",
            "tags": [
              "犬",
              "Word Wolf",
            ],
            "thought": "自分の単語「犬」が多数派か少数派かを確認するために、他の参加者の反応を探る必要がある。",
          },
          {
            "recognizedInfo": "ゲーム内での発言は控えめにし、情報を集める必要がある。",
            "tags": [
              "戦略",
              "情報収集",
            ],
            "thought": "積極的に発言するのではなく、他者の発言を聞くことで有利な情報を得ることを意識する。",
          },
          {
            "recognizedInfo": "他のプレイヤーはどの単語を持っているかわからない。",
            "tags": [
              "他のプレイヤー",
              "単語",
            ],
            "thought": "自分が少数派かどうかわからないため、直接的な言及を避けつつ関係する話題を出して反応を確認する。",
          },
        ],
        "urgency": 1,
      },
    ],
    "speech": {
      "characterName": "新田たける",
      "speech": "犬って可愛いですよね。毛の種類とかもいろいろあるけど、みんな好きな形とかってありますか？",
    },
  },
  {
    "characterMemories": [
      {
        "characterName": "新田たける",
        "memories": [
          {
            "recognizedInfo": "ゲームで負けると大切な人が命を落とす状況である。",
            "tags": [
              "Word Wolf",
              "命の危機",
            ],
            "thought": "慎重に行動し、負けないようにしたい。命に関わるので適当にはできない。",
          },
          {
            "recognizedInfo": "自分の単語が「犬」であり、自分が少数派か不明。",
            "tags": [
              "犬",
              "少数派",
            ],
            "thought": "他のプレイヤーの反応を見て、少数派かどうか確認していきたい。",
          },
          {
            "recognizedInfo": "自分の発言で犬に関する話題を出し、他プレイヤーの反応を観察中。",
            "tags": [
              "情報収集",
              "発言",
            ],
            "thought": "相手がどういう内容で答えるかで多数派か少数派かを判断できるかも。",
          },
        ],
        "urgency": 1,
      },
      {
        "characterName": "山下太郎",
        "memories": [
          {
            "recognizedInfo": "新田たけるが犬の話題を出し、形について質問してきた。",
            "tags": [
              "新田たける",
              "犬",
            ],
            "thought": "犬や毛の形については無関係だが、意図を探るために話の流れを見守る。質問に対し曖昧に答えたい。",
          },
          {
            "recognizedInfo": "自分の単語が「部下」であるため、関連する話題を待ちつつ、犬に関連する仕事的な形の話題を探す。",
            "tags": [
              "部下",
              "曖昧な発言",
            ],
            "thought": "部下に関連する話を引き出しつつ、犬の話題に無理に合わせる必要があるか注意。",
          },
        ],
        "urgency": 2,
      },
      {
        "characterName": "沢山修二",
        "memories": [
          {
            "recognizedInfo": "新田たけるが『犬って可愛い』と発言。毛の種類についても質問。",
            "tags": [
              "新田たける",
              "犬",
            ],
            "thought": "新田たけるは多数派か少数派か判断するために話題に乗るべきか考える。自分が多数派かを確認するために慎重に対応する必要がある。",
          },
          {
            "recognizedInfo": "自分の単語が『犬』であるが、自分が少数派かどうか分からない。",
            "tags": [
              "犬",
              "単語",
            ],
            "thought": "他の参加者が犬に関連する発言をするか、どういう反応を示すか観察し、少数派特定の手がかりにする。",
          },
        ],
        "urgency": 2,
      },
      {
        "characterName": "田中美智子",
        "memories": [
          {
            "recognizedInfo": "新田たけるが犬に関する話題を出した。犬の毛の種類に言及。",
            "tags": [
              "新田たける",
              "犬",
            ],
            "thought": "自分の単語と一致しているため、新田が多数派の可能性が高い。更に情報を引き出したい。",
          },
          {
            "recognizedInfo": "自分の単語が少数派か確認する必要がある。",
            "tags": [
              "犬",
              "確認",
            ],
            "thought": "反応を促すため、控えめに犬に関連する話題を続けてみよう。",
          },
        ],
        "urgency": 2,
      },
    ],
    "speech": {
      "characterName": "田中美智子",
      "speech": "あ、本当にそうですね！私は長毛の犬が特に好きです。でも種類によっても好きな部分が違うかも。新田さんはどんな形が好きですか？",
    },
  },
  {
    "characterMemories": [
      {
        "characterName": "新田たける",
        "memories": [
          {
            "recognizedInfo": "自分の発言で犬に関する話題を出し、田中美智子の反応を観察中。",
            "tags": [
              "田中美智子",
              "犬",
            ],
            "thought": "田中の反応で多少の安心感を持ったが、完全には不明確。",
          },
          {
            "recognizedInfo": "田中美智子が犬の話題に応じているが、まだ油断は禁物。",
            "tags": [
              "田中美智子",
              "反応",
            ],
            "thought": "彼女が多数派である可能性高いが確定はできない。他の参加者の反応も見たい。",
          },
          {
            "recognizedInfo": "自分の犬好きについて突っ込まれた。",
            "tags": [
              "犬",
              "会話",
            ],
            "thought": "この会話の流れをうまく利用してさらに他のプレイヤーから情報を得よう。",
          },
        ],
        "urgency": 2,
      },
      {
        "characterName": "山下太郎",
        "memories": [
          {
            "recognizedInfo": "新田たけるが犬の形について話し、田中美智子もその話に乗っている。",
            "tags": [
              "犬",
              "形",
            ],
            "thought": "彼らは多数派で犬に関連する単語かもしれない。自分の単語とは関係が薄い。注意深く対応が必要。",
          },
          {
            "recognizedInfo": "田中美智子は長毛の犬が好きと発言。",
            "tags": [
              "犬",
              "長毛",
            ],
            "thought": "部下とは関係ない話だが、少数派を装うため無理に合わせるべきか考えている。",
          },
        ],
        "urgency": 1,
      },
      {
        "characterName": "沢山修二",
        "memories": [
          {
            "recognizedInfo": "新田たけるが犬の毛の種類について言及し、田中美智子も長毛犬が好きだと発言。",
            "tags": [
              "新田たける",
              "田中美智子",
            ],
            "thought": "おそらくこの二人は多数派である可能性が高いと考えている。自分も多数派であるか確認を強めるべき。",
          },
          {
            "recognizedInfo": "田中美智子は犬に関して具体的な発言をしている。",
            "tags": [
              "田中美智子",
              "多数派",
            ],
            "thought": "重点的な具体性があるため、彼女も多数派である可能性が高い。私も積極的に情報を提供するべきかもしれない。",
          },
        ],
        "urgency": 1,
      },
      {
        "characterName": "田中美智子",
        "memories": [
          {
            "recognizedInfo": "新田たけるが犬の毛の種類について言及し、田中がそれに同意した。",
            "tags": [
              "新田たける",
              "犬",
            ],
            "thought": "新田たけるが「犬」に関して他のプレイヤーと一致している多数派の可能性が高い。更に情報を収集したい。",
          },
          {
            "recognizedInfo": "田中は長毛の犬が好きとの発言を行った。新田に質問を投げかけた。",
            "tags": [
              "田中美智子",
              "発言控えめ",
            ],
            "thought": "控えめな発言を続け、他のプレイヤーに関連する情報を引き出すことを試みている。",
          },
        ],
        "urgency": 2,
      },
    ],
    "speech": {
      "characterName": "田中美智子",
      "speech": "そうですよね、犬の毛の違いって結構重要ですよね…あ、山下さんと沢山さんはどう思いますか？",
    },
  },
  {
    "characterMemories": [
      {
        "characterName": "新田たける",
        "memories": [
          {
            "recognizedInfo": "田中美智子が犬の毛の話題に共感してきた。",
            "tags": [
              "田中美智子",
              "共感",
            ],
            "thought": "田中は犬の話題に共感しているので、同じ単語を持つ可能性が高そうだ。",
          },
          {
            "recognizedInfo": "山下太郎と沢山修二の発言がまだ聞けていない。",
            "tags": [
              "山下太郎",
              "沢山修二",
            ],
            "thought": "山下と沢山の反応を聞くことで、自分の状況をさらに理解できるかもしれない。",
          },
          {
            "recognizedInfo": "田中に犬の毛について好きか質問した流れを掴んだ。",
            "tags": [
              "田中美智子",
              "質問",
            ],
            "thought": "田中の反応から彼女は攻撃的な印象はなく、場の雰囲気も良い。",
          },
        ],
        "urgency": 1,
      },
      {
        "characterName": "山下太郎",
        "memories": [
          {
            "recognizedInfo": "他のプレイヤーが犬の話題をしているが、部下に関連する話とは思えない。",
            "tags": [
              "犬",
              "話題の一致",
            ],
            "thought": "自分が少数派かどうか不安になってきた、犬の話題にどう合わせるかを考えている。",
          },
          {
            "recognizedInfo": "新田たけるが犬の毛の形について質問し、田中美智子が長毛の犬が好きと答えた。",
            "tags": [
              "多数派",
              "犬",
            ],
            "thought": "彼らは犬に関する多数派の可能性が高い。自分が少数派の可能性をさらに考える必要がある。",
          },
          {
            "recognizedInfo": "田中美智子が自分と沢山修二に犬の毛についての考えを問うてきた。",
            "tags": [
              "田中美智子",
              "部下",
            ],
            "thought": "自分の単語は部下だが、無理に合わせて答えるか、別の話題を出すか悩んでいる。",
          },
        ],
        "urgency": 1,
      },
      {
        "characterName": "沢山修二",
        "memories": [
          {
            "recognizedInfo": "新田たけるが犬の毛の種類について言及。",
            "tags": [
              "新田たける",
              "犬",
            ],
            "thought": "新田たけるは犬に関連深く感じるため、多数派か判断したい。",
          },
          {
            "recognizedInfo": "田中美智子が長毛犬が好きだと発言。",
            "tags": [
              "田中美智子",
              "毛の種類",
            ],
            "thought": "具体的な意見が出ているため、多数派である可能性を考慮する。",
          },
        ],
        "urgency": 1,
      },
      {
        "characterName": "田中美智子",
        "memories": [
          {
            "recognizedInfo": "自分の持つ単語は「犬」である。新田たけるが犬に関する話題を出している。",
            "tags": [
              "田中美智子",
              "新田たける",
            ],
            "thought": "新田が多数派の可能性が高く、自分に対する情報が必要。更に彼から情報を引き出したい。",
          },
          {
            "recognizedInfo": "新田たけるが犬の毛の種類に言及し、田中がそれに同意した。",
            "tags": [
              "田中美智子",
              "新田たける",
            ],
            "thought": "新田が多数派か確認するため、控えめに意見を述べ、更に情報を引き出すことを試みている。",
          },
          {
            "recognizedInfo": "田中は長毛の犬が好きとの発言を行った。",
            "tags": [
              "田中美智子",
            ],
            "thought": "表面的には関係する話題を続けることで、自分が少数派かどうかを確認する。",
          },
          {
            "recognizedInfo": "新田たけるの話題に対して積極的に質問を投げかけた。",
            "tags": [
              "田中美智子",
              "新田たける",
            ],
            "thought": "他のプレイヤーに関連する情報を引き出す可能性を高めるため、新田に注意を向けている。",
          },
          {
            "recognizedInfo": "自分が少数派か確認する必要がある。",
            "tags": [
              "田中美智子",
            ],
            "thought": "反応を促すため、控えめに犬に関連する話題を続けてみる。",
          },
        ],
        "urgency": 1,
      },
    ],
    "speech": {
      "characterName": "山下太郎",
      "speech": "ああ、そうですね…犬の種類って、いろんな役割があって面白いですよね。ほら、牧羊犬とかもいるし、何かチームワークが大事そう。",
    },
  },
  {
    "characterMemories": [
      {
        "characterName": "新田たける",
        "memories": [
          {
            "recognizedInfo": "田中美智子が犬の毛について共感し、長毛の犬が特に好きと発言。",
            "tags": [
              "田中美智子",
              "犬",
            ],
            "thought": "田中は自分と同じ多数派である可能性が非常に高い。警戒は必要だが安心感も得た。",
          },
          {
            "recognizedInfo": "山下太郎は犬の役割について発言し、牧羊犬などを例に出した。",
            "tags": [
              "山下太郎",
              "犬",
            ],
            "thought": "山下も犬の話題に普通に反応しているが、これだけでは多数派か不明。狼を装っている可能性もある。",
          },
        ],
        "urgency": 1,
      },
      {
        "characterName": "山下太郎",
        "memories": [
          {
            "recognizedInfo": "自分の単語が「部下」であるが、他の人の単語が「犬」について話している。",
            "tags": [
              "部下",
              "少数派",
            ],
            "thought": "自分が少数派である可能性が高まってきたため、慎重に発言して情報を引き出したい。",
          },
          {
            "recognizedInfo": "田中美智子が犬の毛について聞いてきた。新田たけるも犬の話をしている。",
            "tags": [
              "田中美智子",
              "新田たける",
            ],
            "thought": "自分が少数派の可能性が高い。他のプレイヤーの真意を探るため、話に合わせつつ情報を得る必要がある。",
          },
        ],
        "urgency": 3,
      },
      {
        "characterName": "沢山修二",
        "memories": [
          {
            "recognizedInfo": "田中美智子が犬の種類についてさらに具体的な話題提供。",
            "tags": [
              "田中美智子",
              "犬",
            ],
            "thought": "田中美智子が犬に詳しく、多数派の可能性が高いと判断。",
          },
          {
            "recognizedInfo": "山下太郎が犬の役割について言及。牧羊犬に具体的言及。",
            "tags": [
              "山下太郎",
              "犬",
            ],
            "thought": "山下太郎も犬に関連した具体的意見、犬について知識があると想定。",
          },
        ],
        "urgency": 1,
      },
      {
        "characterName": "田中美智子",
        "memories": [
          {
            "recognizedInfo": "山下太郎が犬の種類について触れ、牧羊犬の役割について言及。",
            "tags": [
              "Word Wolf",
              "山下太郎",
            ],
            "thought": "山下も犬について触れているが少数派かどうかの決定打ではない。更に情報を引き出したい。",
          },
          {
            "recognizedInfo": "自分の意見として犬の毛の違いについて話し、新田と関連する形で意見を引き出し中。",
            "tags": [
              "Word Wolf",
              "新田たける",
            ],
            "thought": "新田と山下どちらが多数派かさらに見極めるために注意深く情報を集めたい。",
          },
        ],
        "urgency": 1,
      },
    ],
    "speech": {
      "characterName": "山下太郎",
      "speech": "犬の種類の話で言うと、役割分担が明確なところがなんか職場と似てますね、どう思います？",
    },
  },
  {
    "characterMemories": [
      {
        "characterName": "新田たける",
        "memories": [
          {
            "recognizedInfo": "ゲームに参加していて、負けると大切な人が命を落とすリスクがある。",
            "tags": [
              "危機的状況",
            ],
            "thought": "絶対に負けられない。慎重に進めたい。",
          },
          {
            "recognizedInfo": "自分の単語が『犬』であり、少数派か不明。",
            "tags": [
              "単語",
              "不確実性",
            ],
            "thought": "他プレイヤーの意見を聞いて、少数派か判断する。",
          },
          {
            "recognizedInfo": "田中美智子が犬の毛に共感を示し、長毛の犬が好きと発言。",
            "tags": [
              "田中美智子",
              "共感",
            ],
            "thought": "田中は同じ多数派の可能性が高い。信頼できるかも。",
          },
          {
            "recognizedInfo": "山下太郎が犬の役割や牧羊犬の話をした。",
            "tags": [
              "山下太郎",
              "警戒",
            ],
            "thought": "山下も犬に理解があるが、狼の可能性を完全に捨てきれない。",
          },
          {
            "recognizedInfo": "ゲームで少数派を探すため、情報を小出しにし、相手の反応を見守る。",
            "tags": [
              "戦略",
              "情報収集",
            ],
            "thought": "相手に情報を話させ、慎重に進める必要がある。",
          },
        ],
        "urgency": 1,
      },
      {
        "characterName": "山下太郎",
        "memories": [
          {
            "recognizedInfo": "自分の単語が「部下」だが多数派の話題は犬のよう。少数派かもしれない。",
            "tags": [
              "単語",
              "少数派",
            ],
            "thought": "慎重に振る舞い、多数派の単語を特定する努力を続けるべき。",
          },
          {
            "recognizedInfo": "田中美智子は犬の毛の重要性を強調。自分は関連話題を探している。",
            "tags": [
              "田中美智子",
              "犬",
            ],
            "thought": "無理に犬の毛について語るより、自分の単語に近付ける発言を心がけるべき。",
          },
          {
            "recognizedInfo": "自分が少数派の可能性を疑い、その可能性を基に行動している。",
            "tags": [
              "職場",
              "チームワーク",
            ],
            "thought": "発言の方向性として自分の単語に関連する職場やチームワークの話題にシフトするのは有効。",
          },
        ],
        "urgency": 2,
      },
      {
        "characterName": "沢山修二",
        "memories": [
          {
            "recognizedInfo": "田中美智子が犬の毛の違いに言及し、沢山修二に質問。",
            "tags": [
              "犬",
              "田中美智子",
            ],
            "thought": "田中美智子が犬の話題で具体的な言及をしたため、多数派の可能性が高い。慎重に観察。",
          },
          {
            "recognizedInfo": "山下太郎が犬の役割や牧羊犬について言及。",
            "tags": [
              "犬",
              "山下太郎",
            ],
            "thought": "山下太郎が犬について具体的な話をしているため、多数派である可能性が高いと考える。",
          },
          {
            "recognizedInfo": "犬の役割を職場に例えた山下太郎の発言。",
            "tags": [
              "犬",
              "山下太郎",
            ],
            "thought": "山下太郎の柔軟な発言で、多数派確認が難しいが、多数派の可能性が高いまま。",
          },
        ],
        "urgency": 2,
      },
      {
        "characterName": "田中美智子",
        "memories": [
          {
            "recognizedInfo": "山下太郎が犬の種類と役割について言及し、職場と似ていると発言。",
            "tags": [
              "山下太郎",
              "犬",
            ],
            "thought": "山下が犬に関連する事を話しているが、発言内容から多数派か不明。更なる情報収集が必要。",
          },
          {
            "recognizedInfo": "山下が牧羊犬など役割の異なる犬種に興味を示す。職場との共通点にも言及。",
            "tags": [
              "山下太郎",
              "犬",
            ],
            "thought": "山下が犬についての具体性を持たせた話をしたが、その意図を掴む必要がある。",
          },
        ],
        "urgency": 1,
      },
    ],
    "speech": {
      "characterName": "山下太郎",
      "speech": "犬や職場って、どっちも人や動物によっての協力が大事なんだなって思いました。他の皆さんが考えている役割に興味がありますね。",
    },
  },
  {
    "characterMemories": [
      {
        "characterName": "新田たける",
        "memories": [
          {
            "recognizedInfo": "山下太郎が犬の役割や職場の話をしている。",
            "tags": [
              "山下太郎",
              "犬",
            ],
            "thought": "山下の会話は一般的で無難な印象だが、少数派か判断するにはまだ情報が足りない。",
          },
          {
            "recognizedInfo": "ゲームで少数派を探すために情報を小出しにしている。",
            "tags": [
              "少数派",
              "犬",
            ],
            "thought": "山下の反応を基に、彼が多数派か少数派かを見極めたい。",
          },
          {
            "recognizedInfo": "田中美智子は犬の毛に共感し、長毛の犬に好意的。",
            "tags": [
              "田中美智子",
              "犬",
            ],
            "thought": "田中は多数派である可能性が高いと考えている。安心感を持つ。",
          },
        ],
        "urgency": 2,
      },
      {
        "characterName": "山下太郎",
        "memories": [
          {
            "recognizedInfo": "自分が与えられた単語は「部下」で、他のプレイヤーは犬に関する話題をしている。",
            "tags": [
              "部下",
              "単語",
            ],
            "thought": "自分が少数派である可能性が高いため、多数派の単語を特定しようと慎重に振る舞っている。",
          },
          {
            "recognizedInfo": "プレイヤーが犬の毛や形に関する話題を展開している。",
            "tags": [
              "犬",
              "多数派",
            ],
            "thought": "犬に関する記載が繰り返され、多数派が犬に関する話題であることはほぼ確信。自分が少数派で不利な状況にいると意識している。",
          },
          {
            "recognizedInfo": "自分は会話をチームワークや職場に結び付けようとしている。",
            "tags": [
              "チームワーク",
              "職場",
            ],
            "thought": "少数派を装うために職場や部下関連の話題を自然に混ぜ込みつつ、多数派の情報を引き出したい。",
          },
        ],
        "urgency": 1,
      },
      {
        "characterName": "沢山修二",
        "memories": [
          {
            "recognizedInfo": "山下太郎が犬の役割を職場に例えて発言。",
            "tags": [
              "山下太郎",
              "犬",
            ],
            "thought": "山下太郎は犬について具体的な知識を持っているようで、多数派かもしれない。",
          },
          {
            "recognizedInfo": "新田たけるが犬に関する話題を提供。",
            "tags": [
              "新田たける",
              "犬",
            ],
            "thought": "新田たけるも犬に関心を持っている可能性があり、多数派の可能性がある。",
          },
          {
            "recognizedInfo": "田中美智子が犬の話題で具体的言及した。",
            "tags": [
              "田中美智子",
              "犬",
            ],
            "thought": "田中美智子は犬について深く知識があり、多数派の可能性が高い。",
          },
          {
            "recognizedInfo": "自分は『犬』についての情報を持っている。",
            "tags": [
              "沢山修二",
              "犬",
            ],
            "thought": "自分が多かれ少なかれ少数派かは判断できませんが、できるだけ具体的な話題に乗るべき。",
          },
        ],
        "urgency": 2,
      },
      {
        "characterName": "田中美智子",
        "memories": [
          {
            "recognizedInfo": "山下が犬の役割について言及し、職場との類似性を示唆。",
            "tags": [
              "山下太郎",
              "犬",
            ],
            "thought": "具体的な話題を出して協力の価値に触れているが、少数派か確認できない。",
          },
          {
            "recognizedInfo": "山下が牧羊犬の役割に興味を示し、協力の重要性を述べる。",
            "tags": [
              "山下太郎",
              "犬",
              "職場",
            ],
            "thought": "犬や協力関係に対する具体的な話題だが、少数派の判断材料として不足。",
          },
        ],
        "urgency": 1,
      },
    ],
    "speech": {
      "characterName": "新田たける",
      "speech": "ああ、確かに協力って大事ですよね。犬の役割って、人の生活を支えてくれてる感じがありますし。ちなみに沢山さんはどう思う？",
    },
  },
  {
    "characterMemories": [
      {
        "characterName": "新田たける",
        "memories": [
          {
            "recognizedInfo": "山下太郎は犬の役割について職場との類似性を語る。",
            "tags": [
              "山下太郎",
              "職場",
            ],
            "thought": "一般的な話題に見えるが、少数派の可能性もある。具体的情報を引き出す必要あり。",
          },
          {
            "recognizedInfo": "山下太郎の犬と職場の協力についての発言を受けてあいづちを打つ。",
            "tags": [
              "コミュニケーション",
              "協力",
            ],
            "thought": "特に彼の意図を探るため、発言を促すために沢山に話を振った。彼の良くない反応は排除したい。",
          },
          {
            "recognizedInfo": "犬の種類と役割の話で山下の発言をかわせたこと。",
            "tags": [
              "犬",
              "役割",
            ],
            "thought": "彼の回答からさらに詳細な情報を引き出せれば立場を確認できるかも。油断せず探ろう。",
          },
          {
            "recognizedInfo": "犬の役割について山下の質問に答えつつ、沢山に話を振った。",
            "tags": [
              "沢山修二",
              "情報収集",
            ],
            "thought": "沢山の反応で少数派であるかどうかの手がかりになると良い。こちらからはあくまで共感の姿勢で対応。",
          },
        ],
        "urgency": 2,
      },
      {
        "characterName": "山下太郎",
        "memories": [
          {
            "recognizedInfo": "自分が少数派の可能性が高いため、多数派の単語を特定しようとしている。",
            "tags": [
              "Word Wolf",
              "部下",
            ],
            "thought": "慎重に振る舞い、多数派の単語を特定する努力を続けるべき。",
          },
          {
            "recognizedInfo": "犬の話題が続いているが、自分の単語とは関係が薄い。",
            "tags": [
              "犬",
              "部下",
            ],
            "thought": "自分が少数派である可能性をさらに考える必要がある。",
          },
          {
            "recognizedInfo": "他のプレイヤーが犬の毛や形に関する話題を展開している。",
            "tags": [
              "多数派",
              "犬",
            ],
            "thought": "犬に関する記載が繰り返され、多数派が犬に関する話題であることはほぼ確信。",
          },
          {
            "recognizedInfo": "新田たけるが協力の話を広げ、沢山さんに意見を求めている。",
            "tags": [
              "協力",
              "新田たける",
            ],
            "thought": "新田も協力の話に乗っているが、役割についてはまだ自分の意図とは違うように見える。",
          },
        ],
        "urgency": 1,
      },
      {
        "characterName": "沢山修二",
        "memories": [
          {
            "recognizedInfo": "新田たけるが犬の役割について話し、協力の重要性を言及。",
            "tags": [
              "新田たける",
              "協力",
            ],
            "thought": "ここでの発言に対して、一致感を示しつつ、自分の立場を探っていくのが賢明。",
          },
          {
            "recognizedInfo": "山下太郎が犬の役割を職場に例えて話している。",
            "tags": [
              "山下太郎",
              "役割",
            ],
            "thought": "役割分担の具体性を確認し、多数派の確認をする必要あり。",
          },
          {
            "recognizedInfo": "自身が多数派か少数派か未確定で不安。",
            "tags": [
              "犬",
              "多数派",
            ],
            "thought": "焦らずに、慎重に反応を観察し、多数派の確認を強化する。",
          },
        ],
        "urgency": 2,
      },
      {
        "characterName": "田中美智子",
        "memories": [
          {
            "recognizedInfo": "新田たけるが犬の役割と人の生活支援について言及。沢山に問いかけ。",
            "tags": [
              "新田たける",
              "犬",
            ],
            "thought": "新田たけるの言及は自分の犬と関連。彼が共有の単語「犬」を持つ可能性が高い。",
          },
          {
            "recognizedInfo": "山下太郎が犬の役割と職場の協力についての類似性に言及。",
            "tags": [
              "山下太郎",
              "犬",
            ],
            "thought": "山下も犬を話題に選ぶが、少数派か確認するため更なる発言を注視する。",
          },
          {
            "recognizedInfo": "新田が沢山に意見を求め、協力の大切さを話題に。",
            "tags": [
              "沢山修二",
              "新田たける",
            ],
            "thought": "沢山の発言を通じて自分の単語が少数派か確認するため、彼の反応を待つ。",
          },
        ],
        "urgency": 1,
      },
    ],
    "speech": {
      "characterName": "沢山修二",
      "speech": "そうですね、犬って本当に色々な種類がいて、それぞれの役割があるのが魅力的だと思います。",
    },
  },
  {
    "characterMemories": [
      {
        "characterName": "新田たける",
        "memories": [
          {
            "recognizedInfo": "山下太郎が犬の役割について協力の重要性を語った。",
            "tags": [
              "山下太郎",
              "犬",
            ],
            "thought": "一般的な意見で、多数派・少数派どちらとも取れるため、判断が難しい。",
          },
          {
            "recognizedInfo": "沢山修二が犬の役割について色々な種類があると言及。",
            "tags": [
              "沢山修二",
              "犬",
            ],
            "thought": "ここでも犬の話題に反応しており、多数派の可能性があるが判断は難しい。",
          },
          {
            "recognizedInfo": "ゲームは少数派を探し出す内容で、自分が負けると大切な人がリスクにさらされる。",
            "tags": [
              "ゲーム",
              "リスク",
            ],
            "thought": "慎重に情報を集めながら、勝利のために全力を尽くすべき。",
          },
          {
            "recognizedInfo": "自分の単語が『犬』で少数派か不明。",
            "tags": [
              "状況判断",
              "犬",
            ],
            "thought": "他のプレイヤーの言動をしっかり観察して、自分がどの立場か判断していきたい。",
          },
          {
            "recognizedInfo": "田中美智子が犬の毛と長毛の犬について共感を示した。",
            "tags": [
              "田中美智子",
              "犬",
            ],
            "thought": "彼女は同じ多数派の可能性が高いと考えられ、一定の安心感がある。",
          },
        ],
        "urgency": 2,
      },
      {
        "characterName": "山下太郎",
        "memories": [
          {
            "recognizedInfo": "新田たけると沢山修二が犬の役割について話している。",
            "tags": [
              "新田たける",
              "沢山修二",
            ],
            "thought": "犬の役割について言及していることから、ますます多数派の単語が犬である可能性が高いと感じる。",
          },
          {
            "recognizedInfo": "参加者が犬の多様な役割について話している。",
            "tags": [
              "犬",
              "役割",
            ],
            "thought": "この会話から、自分の単語「部下」と結びつけて思考を展開するのが難しいと感じている。",
          },
          {
            "recognizedInfo": "自分が少数派かもしれないと確信を持ち始めた。",
            "tags": [
              "少数派",
              "部下",
            ],
            "thought": "どうにかして会話を自分の得意な職場の話に持ち込んで、情報を引き出さなければと考えている。",
          },
        ],
        "urgency": 1,
      },
      {
        "characterName": "沢山修二",
        "memories": [
          {
            "recognizedInfo": "山下太郎が職場と犬の役割の共通点について話す。",
            "tags": [
              "山下太郎",
              "協力",
            ],
            "thought": "山下太郎は犬に関連した話題に積極的で、多数派と思われる。協力を強調する姿勢に注目。",
          },
          {
            "recognizedInfo": "新田たけるが犬の協力の重要性について話し、沢山修二に質問。",
            "tags": [
              "新田たける",
              "協力",
            ],
            "thought": "新田たけるは多数派の疑いがある。犬の役割について沢山に質問し、多数派か確認？",
          },
          {
            "recognizedInfo": "沢山修二が犬の種類と役割について発言。",
            "tags": [
              "沢山修二",
              "発言",
            ],
            "thought": "自分が少数派でないかどうか気をつけながら、多数派と見せるために具体的な話を心掛けた。",
          },
        ],
        "urgency": 1,
      },
      {
        "characterName": "田中美智子",
        "memories": [
          {
            "recognizedInfo": "山下太郎が犬と職場の協力についての類似点に言及した。",
            "tags": [
              "山下太郎",
              "協力",
            ],
            "thought": "犬に関して協力の話題を出しているが、未だ少数派か判断できず慎重に情報を集めたい。",
          },
          {
            "recognizedInfo": "新田たけるが犬の役割と生活支援について話を展開中。",
            "tags": [
              "新田たける",
              "犬",
            ],
            "thought": "犬の生活支援話は自分の単語と合致しており、新田が多数派の可能性は高い。彼にもっと質問しよう。",
          },
          {
            "recognizedInfo": "沢山修二が色々な犬の種類とその役割について言及。",
            "tags": [
              "沢山修二",
              "犬",
            ],
            "thought": "沢山も犬について自然な融和と重ね、日本の役割には触れているが多数派かの判断材料不足。",
          },
        ],
        "urgency": 2,
      },
    ],
    "speech": {
      "characterName": "新田たける",
      "speech": "そうですよね、犬種によって役割も様々ですもんね。例えばどんな犬が好きですか、沢山さん？",
    },
  },
  {
    "characterMemories": [
      {
        "characterName": "新田たける",
        "memories": [
          {
            "recognizedInfo": "自分が負けると大切な人が命を落とすかもしれない状況でWord Wolfゲームに参加中。",
            "tags": [
              "Word Wolf",
              "重大状況",
            ],
            "thought": "非常事態なので、全力で勝利を目指したいと考えている。",
          },
          {
            "recognizedInfo": "山下太郎が犬の役割や牧羊犬の話をしているが、情報が足りないため判断できない。",
            "tags": [
              "山下太郎",
              "犬",
            ],
            "thought": "山下が犬に理解があるように思えるが、少数派かどうかは判断しづらい。",
          },
          {
            "recognizedInfo": "田中美智子は犬の毛や長毛犬に好意的で、多数派の可能性が高い。",
            "tags": [
              "田中美智子",
              "犬",
            ],
            "thought": "田中は安心して信頼できる可能性が高いが、油断は禁物。",
          },
          {
            "recognizedInfo": "自分の「単語」は「犬」であるが少数派かは不明。他人の反応を観察中。",
            "tags": [
              "ゲーム戦略",
              "観察",
            ],
            "thought": "他のプレイヤーの反応を基に自分が多数派か少数派かを見極めたい。",
          },
          {
            "recognizedInfo": "沢山修二が犬の役割の多様性について発言している。",
            "tags": [
              "沢山修二",
              "犬",
            ],
            "thought": "沢山も犬の話題に少数派に見えないが、判断材料が不足している。彼の具体例が聞きたい。",
          },
        ],
        "urgency": 2,
      },
      {
        "characterName": "山下太郎",
        "memories": [
          {
            "recognizedInfo": "新田たけるが犬の協力の重要性を話題に出した。",
            "tags": [
              "新田たける",
              "協力",
            ],
            "thought": "彼が協力の話題を出すことで、他の単語に誘導しようとしている可能性を考えるべき。",
          },
          {
            "recognizedInfo": "沢山修二が犬の種類と役割の多様性について話した。",
            "tags": [
              "沢山修二",
              "犬の種類",
            ],
            "thought": "彼も犬が多数派の話題だと強調するような発言をしている。",
          },
          {
            "recognizedInfo": "新田たけるが犬種による役割について問うている。",
            "tags": [
              "新田たける",
              "犬の役割",
            ],
            "thought": "犬種や役割に関連付けて会話を展開するのは、多数派の単語が犬であることを確認する。",
          },
        ],
        "urgency": 1,
      },
      {
        "characterName": "沢山修二",
        "memories": [
          {
            "recognizedInfo": "山下太郎が職場と犬の役割の共通点について話す。",
            "tags": [
              "山下太郎",
              "役割共通点",
            ],
            "thought": "山下太郎は犬に関連した話題に積極的で、多数派と思われる。協力を強調する姿勢に注目。",
          },
          {
            "recognizedInfo": "新田たけるが犬の協力の重要性について話し、沢山修二に質問。",
            "tags": [
              "新田たける",
              "協力",
            ],
            "thought": "新田たけるは多数派の疑いがある。犬の役割について沢山に質問し、多数派か確認？",
          },
          {
            "recognizedInfo": "沢山修二が犬の種類と役割について発言。",
            "tags": [
              "沢山修二",
              "犬種と役割",
            ],
            "thought": "自分が少数派でないかどうか気をつけながら、多数派と見せるために具体的な話を心掛けた。",
          },
        ],
        "urgency": 1,
      },
      {
        "characterName": "田中美智子",
        "memories": [
          {
            "recognizedInfo": "新田たけるが犬の役割と人の生活支援について言及。沢山に問いかけ。",
            "tags": [
              "新田たける",
              "犬",
            ],
            "thought": "犬についての話が続いており、新田は自分と同じ単語を持っている可能性が高いと感じる。",
          },
          {
            "recognizedInfo": "沢山修二が犬種とその役割について述べる。",
            "tags": [
              "沢山修二",
              "犬",
            ],
            "thought": "沢山の発言も犬についての理解が深いが、多数派かどうかの判断にはまだ材料が足りない。",
          },
          {
            "recognizedInfo": "山下太郎が犬と職場の協力についての類似点に言及。",
            "tags": [
              "山下太郎",
              "職場",
            ],
            "thought": "山下も犬の話題を掘り下げているが、少数派かまだ確定できない。情報をさらに集めたい。",
          },
        ],
        "urgency": 2,
      },
    ],
    "speech": {
      "characterName": "新田たける",
      "speech": "今のところ、田中さんは犬の話題で波長が合って安心です。でも油断はできないですよね。山下さんの意見も気になってます。沢山さん、特に好きな犬種ってありますか？具体的に聞けたら判断材料になるかなと思って。なんとしても成功させないと。",
    },
  },
]
`;

exports[`executeCharacterRoutine > シード値: test-seed-2 > 10回の会話が繰り返される > speeches 1`] = `
[
  {
    "characterName": "新田たける",
    "speech": "犬って可愛いですよね。毛の種類とかもいろいろあるけど、みんな好きな形とかってありますか？",
  },
  {
    "characterName": "田中美智子",
    "speech": "あ、本当にそうですね！私は長毛の犬が特に好きです。でも種類によっても好きな部分が違うかも。新田さんはどんな形が好きですか？",
  },
  {
    "characterName": "田中美智子",
    "speech": "そうですよね、犬の毛の違いって結構重要ですよね…あ、山下さんと沢山さんはどう思いますか？",
  },
  {
    "characterName": "山下太郎",
    "speech": "ああ、そうですね…犬の種類って、いろんな役割があって面白いですよね。ほら、牧羊犬とかもいるし、何かチームワークが大事そう。",
  },
  {
    "characterName": "山下太郎",
    "speech": "犬の種類の話で言うと、役割分担が明確なところがなんか職場と似てますね、どう思います？",
  },
  {
    "characterName": "山下太郎",
    "speech": "犬や職場って、どっちも人や動物によっての協力が大事なんだなって思いました。他の皆さんが考えている役割に興味がありますね。",
  },
  {
    "characterName": "新田たける",
    "speech": "ああ、確かに協力って大事ですよね。犬の役割って、人の生活を支えてくれてる感じがありますし。ちなみに沢山さんはどう思う？",
  },
  {
    "characterName": "沢山修二",
    "speech": "そうですね、犬って本当に色々な種類がいて、それぞれの役割があるのが魅力的だと思います。",
  },
  {
    "characterName": "新田たける",
    "speech": "そうですよね、犬種によって役割も様々ですもんね。例えばどんな犬が好きですか、沢山さん？",
  },
  {
    "characterName": "新田たける",
    "speech": "今のところ、田中さんは犬の話題で波長が合って安心です。でも油断はできないですよね。山下さんの意見も気になってます。沢山さん、特に好きな犬種ってありますか？具体的に聞けたら判断材料になるかなと思って。なんとしても成功させないと。",
  },
]
`;
